
> sadec-flower-hunt@0.1.0 build
> next build

   ▲ Next.js 16.0.7 (Turbopack)
   - Environments: .env.production.local, .env.local

   Creating an optimized production build ...

> Build error occurred
Error: Turbopack build failed with 26 errors:
./app/(admin)/dashboard/page.tsx
Error evaluating Node.js code
SyntaxError: /Users/macbookprom1/Documents/sa-dec-flower-hunt/app/(admin)/dashboard/page.tsx: Identifier 'useEffect' has already been declared. (17:9)

  15 | "use client";
  16 |
> 17 | import { useEffect, useState } from "react";
     |          ^
  18 | import { DollarSign, Users, Zap, TrendingUp, Cpu, Activity, ShoppingCart, Eye, Target } from "lucide-react";
  19 | import { RevenueChart } from "@/components/admin/RevenueChart";
  20 | import { AgentFeed } from "@/components/admin/AgentFeed";
    [at constructor (/Users/macbookprom1/Documents/sa-dec-flower-hunt/node_modules/next/dist/compiled/babel/bundle.js:191:137105)]
    [at TypeScriptParserMixin.raise (/Users/macbookprom1/Documents/sa-dec-flower-hunt/node_modules/next/dist/compiled/babel/bundle.js:191:194164)]
    [at TypeScriptScopeHandler.declareName (/Users/macbookprom1/Documents/sa-dec-flower-hunt/node_modules/next/dist/compiled/babel/bundle.js:191:270924)]
    [at TypeScriptParserMixin.declareNameFromIdentifier (/Users/macbookprom1/Documents/sa-dec-flower-hunt/node_modules/next/dist/compiled/babel/bundle.js:191:279226)]
    [at TypeScriptParserMixin.checkIdentifier (/Users/macbookprom1/Documents/sa-dec-flower-hunt/node_modules/next/dist/compiled/babel/bundle.js:191:279152)]
    [at TypeScriptParserMixin.checkLVal (/Users/macbookprom1/Documents/sa-dec-flower-hunt/node_modules/next/dist/compiled/babel/bundle.js:191:278197)]
    [at TypeScriptParserMixin.finishImportSpecifier (/Users/macbookprom1/Documents/sa-dec-flower-hunt/node_modules/next/dist/compiled/babel/bundle.js:191:422705)]
    [at TypeScriptParserMixin.parseImportSpecifier (/Users/macbookprom1/Documents/sa-dec-flower-hunt/node_modules/next/dist/compiled/babel/bundle.js:191:425882)]
    [at TypeScriptParserMixin.parseImportSpecifier (/Users/macbookprom1/Documents/sa-dec-flower-hunt/node_modules/next/dist/compiled/babel/bundle.js:191:338125)]
    [at TypeScriptParserMixin.parseNamedImportSpecifiers (/Users/macbookprom1/Documents/sa-dec-flower-hunt/node_modules/next/dist/compiled/babel/bundle.js:191:425483)]
    [at TypeScriptParserMixin.parseImportSpecifiersAndAfter (/Users/macbookprom1/Documents/sa-dec-flower-hunt/node_modules/next/dist/compiled/babel/bundle.js:191:422062)]
    [at TypeScriptParserMixin.parseImport (/Users/macbookprom1/Documents/sa-dec-flower-hunt/node_modules/next/dist/compiled/babel/bundle.js:191:421803)]
    [at TypeScriptParserMixin.parseImport (/Users/macbookprom1/Documents/sa-dec-flower-hunt/node_modules/next/dist/compiled/babel/bundle.js:191:322073)]
    [at TypeScriptParserMixin.parseStatementContent (/Users/macbookprom1/Documents/sa-dec-flower-hunt/node_modules/next/dist/compiled/babel/bundle.js:191:391781)]
    [at TypeScriptParserMixin.parseStatementContent (/Users/macbookprom1/Documents/sa-dec-flower-hunt/node_modules/next/dist/compiled/babel/bundle.js:191:324042)]
    [at TypeScriptParserMixin.parseStatementLike (/Users/macbookprom1/Documents/sa-dec-flower-hunt/node_modules/next/dist/compiled/babel/bundle.js:191:389494)]
    [at TypeScriptParserMixin.parseModuleItem (/Users/macbookprom1/Documents/sa-dec-flower-hunt/node_modules/next/dist/compiled/babel/bundle.js:191:389055)]
    [at TypeScriptParserMixin.parseBlockOrModuleBlockBody (/Users/macbookprom1/Documents/sa-dec-flower-hunt/node_modules/next/dist/compiled/babel/bundle.js:191:401400)]
    [at TypeScriptParserMixin.parseBlockBody (/Users/macbookprom1/Documents/sa-dec-flower-hunt/node_modules/next/dist/compiled/babel/bundle.js:191:401223)]
    [at TypeScriptParserMixin.parseProgram (/Users/macbookprom1/Documents/sa-dec-flower-hunt/node_modules/next/dist/compiled/babel/bundle.js:191:386857)]
    [at TypeScriptParserMixin.parseTopLevel (/Users/macbookprom1/Documents/sa-dec-flower-hunt/node_modules/next/dist/compiled/babel/bundle.js:191:386575)]
    [at TypeScriptParserMixin.parse (/Users/macbookprom1/Documents/sa-dec-flower-hunt/node_modules/next/dist/compiled/babel/bundle.js:191:426834)]
    [at TypeScriptParserMixin.parse (/Users/macbookprom1/Documents/sa-dec-flower-hunt/node_modules/next/dist/compiled/babel/bundle.js:191:337631)]
    [at parse (/Users/macbookprom1/Documents/sa-dec-flower-hunt/node_modules/next/dist/compiled/babel/bundle.js:191:427092)]
    [at parser (/Users/macbookprom1/Documents/sa-dec-flower-hunt/node_modules/next/dist/compiled/babel/bundle.js:1:142018)]
    [at <anonymous>]
    [at normalizeFile (/Users/macbookprom1/Documents/sa-dec-flower-hunt/node_modules/next/dist/compiled/babel/bundle.js:13:13275)]
    [at <anonymous>]
    [at consumeIterator (/Users/macbookprom1/Documents/sa-dec-flower-hunt/node_modules/next/dist/build/babel/loader/util.js:13:38)]
    [at transform (/Users/macbookprom1/Documents/sa-dec-flower-hunt/node_modules/next/dist/build/babel/loader/transform.js:89:44)]
    [at async (/Users/macbookprom1/Documents/sa-dec-flower-hunt/node_modules/next/dist/build/babel/loader/index.js:36:108)]
    at async DummySpan.traceAsyncFn (turbopack:///[turbopack-node]/transforms/webpack-loaders.ts:115:12) [/Users/macbookprom1/Documents/sa-dec-flower-hunt/.next/build/chunks/[root-of-the-server]__6e020478._.js:126:16]
    [at async nextBabelLoader (/Users/macbookprom1/Documents/sa-dec-flower-hunt/node_modules/next/dist/build/babel/loader/index.js:36:63)]
    at async DummySpan.traceAsyncFn (turbopack:///[turbopack-node]/transforms/webpack-loaders.ts:115:12) [/Users/macbookprom1/Documents/sa-dec-flower-hunt/.next/build/chunks/[root-of-the-server]__6e020478._.js:126:16]

Import traces:
  App Route:
    ./app/(admin)/dashboard/page.tsx
    ./app/api/code/content/route.ts

  Client Component Browser:
    ./app/(admin)/dashboard/page.tsx [Client Component Browser]
    ./app/(admin)/dashboard/page.tsx [Server Component]

  Client Component SSR:
    ./app/(admin)/dashboard/page.tsx [Client Component SSR]
    ./app/(admin)/dashboard/page.tsx [Server Component]


./app/(admin)/dashboard/page.tsx:15:1
Ecmascript file had an error
[0m [90m 13 |[39m [36mimport[39m { format } [36mfrom[39m [32m"date-fns"[39m[33m;[39m
 [90m 14 |[39m
[31m[1m>[22m[39m[90m 15 |[39m [32m"use client"[39m[33m;[39m
 [90m    |[39m [31m[1m^[22m[39m[31m[1m^[22m[39m[31m[1m^[22m[39m[31m[1m^[22m[39m[31m[1m^[22m[39m[31m[1m^[22m[39m[31m[1m^[22m[39m[31m[1m^[22m[39m[31m[1m^[22m[39m[31m[1m^[22m[39m[31m[1m^[22m[39m[31m[1m^[22m[39m[31m[1m^[22m[39m
 [90m 16 |[39m
 [90m 17 |[39m [36mimport[39m { useEffect[33m,[39m useState } [36mfrom[39m [32m"react"[39m[33m;[39m
 [90m 18 |[39m [36mimport[39m { [33mDollarSign[39m[33m,[39m [33mUsers[39m[33m,[39m [33mZap[39m[33m,[39m [33mTrendingUp[39m[33m,[39m [33mCpu[39m[33m,[39m [33mActivity[39m[33m,[39m [33mShoppingCart[39m[33m,[39m [33mEye[39m[33m,[39m [33mTarget[39m } [36mfrom[39m [32m"lucide-react"[39m[33m;[39m[0m

The "use client" directive must be placed before other expressions. Move it to the top of the file to resolve this issue.

Import traces:
  App Route:
    ./app/(admin)/dashboard/page.tsx
    ./app/api/code/content/route.ts

  Client Component Browser:
    ./app/(admin)/dashboard/page.tsx [Client Component Browser]
    ./app/(admin)/dashboard/page.tsx [Server Component]

  Client Component SSR:
    ./app/(admin)/dashboard/page.tsx [Client Component SSR]
    ./app/(admin)/dashboard/page.tsx [Server Component]


./app/(admin)/dashboard/page.tsx:24:10
Ecmascript file had an error
[0m [90m 22 |[39m [36mimport[39m { [33mKPICard[39m } [36mfrom[39m [32m"@/components/admin/KPICard"[39m[33m;[39m
 [90m 23 |[39m [36mimport[39m { [33mLiveMetricCard[39m } [36mfrom[39m [32m"@/components/admin/LiveMetricCard"[39m[33m;[39m
[31m[1m>[22m[39m[90m 24 |[39m [36mimport[39m { [33mActivityFeed[39m } [36mfrom[39m [32m"@/components/admin/ActivityFeed"[39m[33m;[39m
 [90m    |[39m          [31m[1m^[22m[39m[31m[1m^[22m[39m[31m[1m^[22m[39m[31m[1m^[22m[39m[31m[1m^[22m[39m[31m[1m^[22m[39m[31m[1m^[22m[39m[31m[1m^[22m[39m[31m[1m^[22m[39m[31m[1m^[22m[39m[31m[1m^[22m[39m[31m[1m^[22m[39m
 [90m 25 |[39m [36mimport[39m { [33mCard[39m[33m,[39m [33mCardHeader[39m[33m,[39m [33mCardTitle[39m[33m,[39m [33mCardContent[39m } [36mfrom[39m [32m"@/components/ui/card"[39m[33m;[39m
 [90m 26 |[39m [36mimport[39m { getAdminStats[33m,[39m getDailyRevenue[33m,[39m [33mAdminStats[39m[33m,[39m [33mDailyRevenue[39m } [36mfrom[39m [32m"@/lib/api/admin"[39m[33m;[39m
 [90m 27 |[39m [36mimport[39m { format } [36mfrom[39m [32m"date-fns"[39m[33m;[39m[0m

the name `ActivityFeed` is defined multiple times

Import traces:
  App Route:
    ./app/(admin)/dashboard/page.tsx
    ./app/api/code/content/route.ts

  Client Component Browser:
    ./app/(admin)/dashboard/page.tsx [Client Component Browser]
    ./app/(admin)/dashboard/page.tsx [Server Component]

  Client Component SSR:
    ./app/(admin)/dashboard/page.tsx [Client Component SSR]
    ./app/(admin)/dashboard/page.tsx [Server Component]


./app/(admin)/dashboard/page.tsx:18:51
Ecmascript file had an error
[0m [90m 16 |[39m
 [90m 17 |[39m [36mimport[39m { useEffect[33m,[39m useState } [36mfrom[39m [32m"react"[39m[33m;[39m
[31m[1m>[22m[39m[90m 18 |[39m [36mimport[39m { [33mDollarSign[39m[33m,[39m [33mUsers[39m[33m,[39m [33mZap[39m[33m,[39m [33mTrendingUp[39m[33m,[39m [33mCpu[39m[33m,[39m [33mActivity[39m[33m,[39m [33mShoppingCart[39m[33m,[39m [33mEye[39m[33m,[39m [33mTarget[39m } [36mfrom[39m [32m"lucide-react"[39m[33m;[39m
 [90m    |[39m                                                   [31m[1m^[22m[39m[31m[1m^[22m[39m[31m[1m^[22m[39m[31m[1m^[22m[39m[31m[1m^[22m[39m[31m[1m^[22m[39m[31m[1m^[22m[39m[31m[1m^[22m[39m
 [90m 19 |[39m [36mimport[39m { [33mRevenueChart[39m } [36mfrom[39m [32m"@/components/admin/RevenueChart"[39m[33m;[39m
 [90m 20 |[39m [36mimport[39m { [33mAgentFeed[39m } [36mfrom[39m [32m"@/components/admin/AgentFeed"[39m[33m;[39m
 [90m 21 |[39m [36mimport[39m { [33mCEOActions[39m } [36mfrom[39m [32m"@/components/admin/CEOActions"[39m[33m;[39m[0m

the name `Activity` is defined multiple times

Import traces:
  App Route:
    ./app/(admin)/dashboard/page.tsx
    ./app/api/code/content/route.ts

  Client Component Browser:
    ./app/(admin)/dashboard/page.tsx [Client Component Browser]
    ./app/(admin)/dashboard/page.tsx [Server Component]

  Client Component SSR:
    ./app/(admin)/dashboard/page.tsx [Client Component SSR]
    ./app/(admin)/dashboard/page.tsx [Server Component]


./app/(admin)/dashboard/page.tsx:20:10
Ecmascript file had an error
[0m [90m 18 |[39m [36mimport[39m { [33mDollarSign[39m[33m,[39m [33mUsers[39m[33m,[39m [33mZap[39m[33m,[39m [33mTrendingUp[39m[33m,[39m [33mCpu[39m[33m,[39m [33mActivity[39m[33m,[39m [33mShoppingCart[39m[33m,[39m [33mEye[39m[33m,[39m [33mTarget[39m } [36mfrom[39m [32m"lucide-react"[39m[33m;[39m
 [90m 19 |[39m [36mimport[39m { [33mRevenueChart[39m } [36mfrom[39m [32m"@/components/admin/RevenueChart"[39m[33m;[39m
[31m[1m>[22m[39m[90m 20 |[39m [36mimport[39m { [33mAgentFeed[39m } [36mfrom[39m [32m"@/components/admin/AgentFeed"[39m[33m;[39m
 [90m    |[39m          [31m[1m^[22m[39m[31m[1m^[22m[39m[31m[1m^[22m[39m[31m[1m^[22m[39m[31m[1m^[22m[39m[31m[1m^[22m[39m[31m[1m^[22m[39m[31m[1m^[22m[39m[31m[1m^[22m[39m
 [90m 21 |[39m [36mimport[39m { [33mCEOActions[39m } [36mfrom[39m [32m"@/components/admin/CEOActions"[39m[33m;[39m
 [90m 22 |[39m [36mimport[39m { [33mKPICard[39m } [36mfrom[39m [32m"@/components/admin/KPICard"[39m[33m;[39m
 [90m 23 |[39m [36mimport[39m { [33mLiveMetricCard[39m } [36mfrom[39m [32m"@/components/admin/LiveMetricCard"[39m[33m;[39m[0m

the name `AgentFeed` is defined multiple times

Import traces:
  App Route:
    ./app/(admin)/dashboard/page.tsx
    ./app/api/code/content/route.ts

  Client Component Browser:
    ./app/(admin)/dashboard/page.tsx [Client Component Browser]
    ./app/(admin)/dashboard/page.tsx [Server Component]

  Client Component SSR:
    ./app/(admin)/dashboard/page.tsx [Client Component SSR]
    ./app/(admin)/dashboard/page.tsx [Server Component]


./app/(admin)/dashboard/page.tsx:21:10
Ecmascript file had an error
[0m [90m 19 |[39m [36mimport[39m { [33mRevenueChart[39m } [36mfrom[39m [32m"@/components/admin/RevenueChart"[39m[33m;[39m
 [90m 20 |[39m [36mimport[39m { [33mAgentFeed[39m } [36mfrom[39m [32m"@/components/admin/AgentFeed"[39m[33m;[39m
[31m[1m>[22m[39m[90m 21 |[39m [36mimport[39m { [33mCEOActions[39m } [36mfrom[39m [32m"@/components/admin/CEOActions"[39m[33m;[39m
 [90m    |[39m          [31m[1m^[22m[39m[31m[1m^[22m[39m[31m[1m^[22m[39m[31m[1m^[22m[39m[31m[1m^[22m[39m[31m[1m^[22m[39m[31m[1m^[22m[39m[31m[1m^[22m[39m[31m[1m^[22m[39m[31m[1m^[22m[39m
 [90m 22 |[39m [36mimport[39m { [33mKPICard[39m } [36mfrom[39m [32m"@/components/admin/KPICard"[39m[33m;[39m
 [90m 23 |[39m [36mimport[39m { [33mLiveMetricCard[39m } [36mfrom[39m [32m"@/components/admin/LiveMetricCard"[39m[33m;[39m
 [90m 24 |[39m [36mimport[39m { [33mActivityFeed[39m } [36mfrom[39m [32m"@/components/admin/ActivityFeed"[39m[33m;[39m[0m

the name `CEOActions` is defined multiple times

Import traces:
  App Route:
    ./app/(admin)/dashboard/page.tsx
    ./app/api/code/content/route.ts

  Client Component Browser:
    ./app/(admin)/dashboard/page.tsx [Client Component Browser]
    ./app/(admin)/dashboard/page.tsx [Server Component]

  Client Component SSR:
    ./app/(admin)/dashboard/page.tsx [Client Component SSR]
    ./app/(admin)/dashboard/page.tsx [Server Component]


./app/(admin)/dashboard/page.tsx:25:39
Ecmascript file had an error
[0m [90m 23 |[39m [36mimport[39m { [33mLiveMetricCard[39m } [36mfrom[39m [32m"@/components/admin/LiveMetricCard"[39m[33m;[39m
 [90m 24 |[39m [36mimport[39m { [33mActivityFeed[39m } [36mfrom[39m [32m"@/components/admin/ActivityFeed"[39m[33m;[39m
[31m[1m>[22m[39m[90m 25 |[39m [36mimport[39m { [33mCard[39m[33m,[39m [33mCardHeader[39m[33m,[39m [33mCardTitle[39m[33m,[39m [33mCardContent[39m } [36mfrom[39m [32m"@/components/ui/card"[39m[33m;[39m
 [90m    |[39m                                       [31m[1m^[22m[39m[31m[1m^[22m[39m[31m[1m^[22m[39m[31m[1m^[22m[39m[31m[1m^[22m[39m[31m[1m^[22m[39m[31m[1m^[22m[39m[31m[1m^[22m[39m[31m[1m^[22m[39m[31m[1m^[22m[39m[31m[1m^[22m[39m
 [90m 26 |[39m [36mimport[39m { getAdminStats[33m,[39m getDailyRevenue[33m,[39m [33mAdminStats[39m[33m,[39m [33mDailyRevenue[39m } [36mfrom[39m [32m"@/lib/api/admin"[39m[33m;[39m
 [90m 27 |[39m [36mimport[39m { format } [36mfrom[39m [32m"date-fns"[39m[33m;[39m
 [90m 28 |[39m [36mimport[39m { [33mParticleBackground[39m } [36mfrom[39m [32m"@/components/ui/ParticleBackground"[39m[33m;[39m[0m

the name `CardContent` is defined multiple times

Import traces:
  App Route:
    ./app/(admin)/dashboard/page.tsx
    ./app/api/code/content/route.ts

  Client Component Browser:
    ./app/(admin)/dashboard/page.tsx [Client Component Browser]
    ./app/(admin)/dashboard/page.tsx [Server Component]

  Client Component SSR:
    ./app/(admin)/dashboard/page.tsx [Client Component SSR]
    ./app/(admin)/dashboard/page.tsx [Server Component]


./app/(admin)/dashboard/page.tsx:25:16
Ecmascript file had an error
[0m [90m 23 |[39m [36mimport[39m { [33mLiveMetricCard[39m } [36mfrom[39m [32m"@/components/admin/LiveMetricCard"[39m[33m;[39m
 [90m 24 |[39m [36mimport[39m { [33mActivityFeed[39m } [36mfrom[39m [32m"@/components/admin/ActivityFeed"[39m[33m;[39m
[31m[1m>[22m[39m[90m 25 |[39m [36mimport[39m { [33mCard[39m[33m,[39m [33mCardHeader[39m[33m,[39m [33mCardTitle[39m[33m,[39m [33mCardContent[39m } [36mfrom[39m [32m"@/components/ui/card"[39m[33m;[39m
 [90m    |[39m                [31m[1m^[22m[39m[31m[1m^[22m[39m[31m[1m^[22m[39m[31m[1m^[22m[39m[31m[1m^[22m[39m[31m[1m^[22m[39m[31m[1m^[22m[39m[31m[1m^[22m[39m[31m[1m^[22m[39m[31m[1m^[22m[39m
 [90m 26 |[39m [36mimport[39m { getAdminStats[33m,[39m getDailyRevenue[33m,[39m [33mAdminStats[39m[33m,[39m [33mDailyRevenue[39m } [36mfrom[39m [32m"@/lib/api/admin"[39m[33m;[39m
 [90m 27 |[39m [36mimport[39m { format } [36mfrom[39m [32m"date-fns"[39m[33m;[39m
 [90m 28 |[39m [36mimport[39m { [33mParticleBackground[39m } [36mfrom[39m [32m"@/components/ui/ParticleBackground"[39m[33m;[39m[0m

the name `CardHeader` is defined multiple times

Import traces:
  App Route:
    ./app/(admin)/dashboard/page.tsx
    ./app/api/code/content/route.ts

  Client Component Browser:
    ./app/(admin)/dashboard/page.tsx [Client Component Browser]
    ./app/(admin)/dashboard/page.tsx [Server Component]

  Client Component SSR:
    ./app/(admin)/dashboard/page.tsx [Client Component SSR]
    ./app/(admin)/dashboard/page.tsx [Server Component]


./app/(admin)/dashboard/page.tsx:25:28
Ecmascript file had an error
[0m [90m 23 |[39m [36mimport[39m { [33mLiveMetricCard[39m } [36mfrom[39m [32m"@/components/admin/LiveMetricCard"[39m[33m;[39m
 [90m 24 |[39m [36mimport[39m { [33mActivityFeed[39m } [36mfrom[39m [32m"@/components/admin/ActivityFeed"[39m[33m;[39m
[31m[1m>[22m[39m[90m 25 |[39m [36mimport[39m { [33mCard[39m[33m,[39m [33mCardHeader[39m[33m,[39m [33mCardTitle[39m[33m,[39m [33mCardContent[39m } [36mfrom[39m [32m"@/components/ui/card"[39m[33m;[39m
 [90m    |[39m                            [31m[1m^[22m[39m[31m[1m^[22m[39m[31m[1m^[22m[39m[31m[1m^[22m[39m[31m[1m^[22m[39m[31m[1m^[22m[39m[31m[1m^[22m[39m[31m[1m^[22m[39m[31m[1m^[22m[39m
 [90m 26 |[39m [36mimport[39m { getAdminStats[33m,[39m getDailyRevenue[33m,[39m [33mAdminStats[39m[33m,[39m [33mDailyRevenue[39m } [36mfrom[39m [32m"@/lib/api/admin"[39m[33m;[39m
 [90m 27 |[39m [36mimport[39m { format } [36mfrom[39m [32m"date-fns"[39m[33m;[39m
 [90m 28 |[39m [36mimport[39m { [33mParticleBackground[39m } [36mfrom[39m [32m"@/components/ui/ParticleBackground"[39m[33m;[39m[0m

the name `CardTitle` is defined multiple times

Import traces:
  App Route:
    ./app/(admin)/dashboard/page.tsx
    ./app/api/code/content/route.ts

  Client Component Browser:
    ./app/(admin)/dashboard/page.tsx [Client Component Browser]
    ./app/(admin)/dashboard/page.tsx [Server Component]

  Client Component SSR:
    ./app/(admin)/dashboard/page.tsx [Client Component SSR]
    ./app/(admin)/dashboard/page.tsx [Server Component]


./app/(admin)/dashboard/page.tsx:25:10
Ecmascript file had an error
[0m [90m 23 |[39m [36mimport[39m { [33mLiveMetricCard[39m } [36mfrom[39m [32m"@/components/admin/LiveMetricCard"[39m[33m;[39m
 [90m 24 |[39m [36mimport[39m { [33mActivityFeed[39m } [36mfrom[39m [32m"@/components/admin/ActivityFeed"[39m[33m;[39m
[31m[1m>[22m[39m[90m 25 |[39m [36mimport[39m { [33mCard[39m[33m,[39m [33mCardHeader[39m[33m,[39m [33mCardTitle[39m[33m,[39m [33mCardContent[39m } [36mfrom[39m [32m"@/components/ui/card"[39m[33m;[39m
 [90m    |[39m          [31m[1m^[22m[39m[31m[1m^[22m[39m[31m[1m^[22m[39m[31m[1m^[22m[39m
 [90m 26 |[39m [36mimport[39m { getAdminStats[33m,[39m getDailyRevenue[33m,[39m [33mAdminStats[39m[33m,[39m [33mDailyRevenue[39m } [36mfrom[39m [32m"@/lib/api/admin"[39m[33m;[39m
 [90m 27 |[39m [36mimport[39m { format } [36mfrom[39m [32m"date-fns"[39m[33m;[39m
 [90m 28 |[39m [36mimport[39m { [33mParticleBackground[39m } [36mfrom[39m [32m"@/components/ui/ParticleBackground"[39m[33m;[39m[0m

the name `Card` is defined multiple times

Import traces:
  App Route:
    ./app/(admin)/dashboard/page.tsx
    ./app/api/code/content/route.ts

  Client Component Browser:
    ./app/(admin)/dashboard/page.tsx [Client Component Browser]
    ./app/(admin)/dashboard/page.tsx [Server Component]

  Client Component SSR:
    ./app/(admin)/dashboard/page.tsx [Client Component SSR]
    ./app/(admin)/dashboard/page.tsx [Server Component]


./app/(admin)/dashboard/page.tsx:18:46
Ecmascript file had an error
[0m [90m 16 |[39m
 [90m 17 |[39m [36mimport[39m { useEffect[33m,[39m useState } [36mfrom[39m [32m"react"[39m[33m;[39m
[31m[1m>[22m[39m[90m 18 |[39m [36mimport[39m { [33mDollarSign[39m[33m,[39m [33mUsers[39m[33m,[39m [33mZap[39m[33m,[39m [33mTrendingUp[39m[33m,[39m [33mCpu[39m[33m,[39m [33mActivity[39m[33m,[39m [33mShoppingCart[39m[33m,[39m [33mEye[39m[33m,[39m [33mTarget[39m } [36mfrom[39m [32m"lucide-react"[39m[33m;[39m
 [90m    |[39m                                              [31m[1m^[22m[39m[31m[1m^[22m[39m[31m[1m^[22m[39m
 [90m 19 |[39m [36mimport[39m { [33mRevenueChart[39m } [36mfrom[39m [32m"@/components/admin/RevenueChart"[39m[33m;[39m
 [90m 20 |[39m [36mimport[39m { [33mAgentFeed[39m } [36mfrom[39m [32m"@/components/admin/AgentFeed"[39m[33m;[39m
 [90m 21 |[39m [36mimport[39m { [33mCEOActions[39m } [36mfrom[39m [32m"@/components/admin/CEOActions"[39m[33m;[39m[0m

the name `Cpu` is defined multiple times

Import traces:
  App Route:
    ./app/(admin)/dashboard/page.tsx
    ./app/api/code/content/route.ts

  Client Component Browser:
    ./app/(admin)/dashboard/page.tsx [Client Component Browser]
    ./app/(admin)/dashboard/page.tsx [Server Component]

  Client Component SSR:
    ./app/(admin)/dashboard/page.tsx [Client Component SSR]
    ./app/(admin)/dashboard/page.tsx [Server Component]


./app/(admin)/dashboard/page.tsx:18:10
Ecmascript file had an error
[0m [90m 16 |[39m
 [90m 17 |[39m [36mimport[39m { useEffect[33m,[39m useState } [36mfrom[39m [32m"react"[39m[33m;[39m
[31m[1m>[22m[39m[90m 18 |[39m [36mimport[39m { [33mDollarSign[39m[33m,[39m [33mUsers[39m[33m,[39m [33mZap[39m[33m,[39m [33mTrendingUp[39m[33m,[39m [33mCpu[39m[33m,[39m [33mActivity[39m[33m,[39m [33mShoppingCart[39m[33m,[39m [33mEye[39m[33m,[39m [33mTarget[39m } [36mfrom[39m [32m"lucide-react"[39m[33m;[39m
 [90m    |[39m          [31m[1m^[22m[39m[31m[1m^[22m[39m[31m[1m^[22m[39m[31m[1m^[22m[39m[31m[1m^[22m[39m[31m[1m^[22m[39m[31m[1m^[22m[39m[31m[1m^[22m[39m[31m[1m^[22m[39m[31m[1m^[22m[39m
 [90m 19 |[39m [36mimport[39m { [33mRevenueChart[39m } [36mfrom[39m [32m"@/components/admin/RevenueChart"[39m[33m;[39m
 [90m 20 |[39m [36mimport[39m { [33mAgentFeed[39m } [36mfrom[39m [32m"@/components/admin/AgentFeed"[39m[33m;[39m
 [90m 21 |[39m [36mimport[39m { [33mCEOActions[39m } [36mfrom[39m [32m"@/components/admin/CEOActions"[39m[33m;[39m[0m

the name `DollarSign` is defined multiple times

Import traces:
  App Route:
    ./app/(admin)/dashboard/page.tsx
    ./app/api/code/content/route.ts

  Client Component Browser:
    ./app/(admin)/dashboard/page.tsx [Client Component Browser]
    ./app/(admin)/dashboard/page.tsx [Server Component]

  Client Component SSR:
    ./app/(admin)/dashboard/page.tsx [Client Component SSR]
    ./app/(admin)/dashboard/page.tsx [Server Component]


./app/(admin)/dashboard/page.tsx:18:75
Ecmascript file had an error
[0m [90m 16 |[39m
 [90m 17 |[39m [36mimport[39m { useEffect[33m,[39m useState } [36mfrom[39m [32m"react"[39m[33m;[39m
[31m[1m>[22m[39m[90m 18 |[39m [36mimport[39m { [33mDollarSign[39m[33m,[39m [33mUsers[39m[33m,[39m [33mZap[39m[33m,[39m [33mTrendingUp[39m[33m,[39m [33mCpu[39m[33m,[39m [33mActivity[39m[33m,[39m [33mShoppingCart[39m[33m,[39m [33mEye[39m[33m,[39m [33mTarget[39m } [36mfrom[39m [32m"lucide-react"[39m[33m;[39m
 [90m    |[39m                                                                           [31m[1m^[22m[39m[31m[1m^[22m[39m[31m[1m^[22m[39m
 [90m 19 |[39m [36mimport[39m { [33mRevenueChart[39m } [36mfrom[39m [32m"@/components/admin/RevenueChart"[39m[33m;[39m
 [90m 20 |[39m [36mimport[39m { [33mAgentFeed[39m } [36mfrom[39m [32m"@/components/admin/AgentFeed"[39m[33m;[39m
 [90m 21 |[39m [36mimport[39m { [33mCEOActions[39m } [36mfrom[39m [32m"@/components/admin/CEOActions"[39m[33m;[39m[0m

the name `Eye` is defined multiple times

Import traces:
  App Route:
    ./app/(admin)/dashboard/page.tsx
    ./app/api/code/content/route.ts

  Client Component Browser:
    ./app/(admin)/dashboard/page.tsx [Client Component Browser]
    ./app/(admin)/dashboard/page.tsx [Server Component]

  Client Component SSR:
    ./app/(admin)/dashboard/page.tsx [Client Component SSR]
    ./app/(admin)/dashboard/page.tsx [Server Component]


./app/(admin)/dashboard/page.tsx:22:10
Ecmascript file had an error
[0m [90m 20 |[39m [36mimport[39m { [33mAgentFeed[39m } [36mfrom[39m [32m"@/components/admin/AgentFeed"[39m[33m;[39m
 [90m 21 |[39m [36mimport[39m { [33mCEOActions[39m } [36mfrom[39m [32m"@/components/admin/CEOActions"[39m[33m;[39m
[31m[1m>[22m[39m[90m 22 |[39m [36mimport[39m { [33mKPICard[39m } [36mfrom[39m [32m"@/components/admin/KPICard"[39m[33m;[39m
 [90m    |[39m          [31m[1m^[22m[39m[31m[1m^[22m[39m[31m[1m^[22m[39m[31m[1m^[22m[39m[31m[1m^[22m[39m[31m[1m^[22m[39m[31m[1m^[22m[39m
 [90m 23 |[39m [36mimport[39m { [33mLiveMetricCard[39m } [36mfrom[39m [32m"@/components/admin/LiveMetricCard"[39m[33m;[39m
 [90m 24 |[39m [36mimport[39m { [33mActivityFeed[39m } [36mfrom[39m [32m"@/components/admin/ActivityFeed"[39m[33m;[39m
 [90m 25 |[39m [36mimport[39m { [33mCard[39m[33m,[39m [33mCardHeader[39m[33m,[39m [33mCardTitle[39m[33m,[39m [33mCardContent[39m } [36mfrom[39m [32m"@/components/ui/card"[39m[33m;[39m[0m

the name `KPICard` is defined multiple times

Import traces:
  App Route:
    ./app/(admin)/dashboard/page.tsx
    ./app/api/code/content/route.ts

  Client Component Browser:
    ./app/(admin)/dashboard/page.tsx [Client Component Browser]
    ./app/(admin)/dashboard/page.tsx [Server Component]

  Client Component SSR:
    ./app/(admin)/dashboard/page.tsx [Client Component SSR]
    ./app/(admin)/dashboard/page.tsx [Server Component]


./app/(admin)/dashboard/page.tsx:23:10
Ecmascript file had an error
[0m [90m 21 |[39m [36mimport[39m { [33mCEOActions[39m } [36mfrom[39m [32m"@/components/admin/CEOActions"[39m[33m;[39m
 [90m 22 |[39m [36mimport[39m { [33mKPICard[39m } [36mfrom[39m [32m"@/components/admin/KPICard"[39m[33m;[39m
[31m[1m>[22m[39m[90m 23 |[39m [36mimport[39m { [33mLiveMetricCard[39m } [36mfrom[39m [32m"@/components/admin/LiveMetricCard"[39m[33m;[39m
 [90m    |[39m          [31m[1m^[22m[39m[31m[1m^[22m[39m[31m[1m^[22m[39m[31m[1m^[22m[39m[31m[1m^[22m[39m[31m[1m^[22m[39m[31m[1m^[22m[39m[31m[1m^[22m[39m[31m[1m^[22m[39m[31m[1m^[22m[39m[31m[1m^[22m[39m[31m[1m^[22m[39m[31m[1m^[22m[39m[31m[1m^[22m[39m
 [90m 24 |[39m [36mimport[39m { [33mActivityFeed[39m } [36mfrom[39m [32m"@/components/admin/ActivityFeed"[39m[33m;[39m
 [90m 25 |[39m [36mimport[39m { [33mCard[39m[33m,[39m [33mCardHeader[39m[33m,[39m [33mCardTitle[39m[33m,[39m [33mCardContent[39m } [36mfrom[39m [32m"@/components/ui/card"[39m[33m;[39m
 [90m 26 |[39m [36mimport[39m { getAdminStats[33m,[39m getDailyRevenue[33m,[39m [33mAdminStats[39m[33m,[39m [33mDailyRevenue[39m } [36mfrom[39m [32m"@/lib/api/admin"[39m[33m;[39m[0m

the name `LiveMetricCard` is defined multiple times

Import traces:
  App Route:
    ./app/(admin)/dashboard/page.tsx
    ./app/api/code/content/route.ts

  Client Component Browser:
    ./app/(admin)/dashboard/page.tsx [Client Component Browser]
    ./app/(admin)/dashboard/page.tsx [Server Component]

  Client Component SSR:
    ./app/(admin)/dashboard/page.tsx [Client Component SSR]
    ./app/(admin)/dashboard/page.tsx [Server Component]


./app/(admin)/dashboard/page.tsx:19:10
Ecmascript file had an error
[0m [90m 17 |[39m [36mimport[39m { useEffect[33m,[39m useState } [36mfrom[39m [32m"react"[39m[33m;[39m
 [90m 18 |[39m [36mimport[39m { [33mDollarSign[39m[33m,[39m [33mUsers[39m[33m,[39m [33mZap[39m[33m,[39m [33mTrendingUp[39m[33m,[39m [33mCpu[39m[33m,[39m [33mActivity[39m[33m,[39m [33mShoppingCart[39m[33m,[39m [33mEye[39m[33m,[39m [33mTarget[39m } [36mfrom[39m [32m"lucide-react"[39m[33m;[39m
[31m[1m>[22m[39m[90m 19 |[39m [36mimport[39m { [33mRevenueChart[39m } [36mfrom[39m [32m"@/components/admin/RevenueChart"[39m[33m;[39m
 [90m    |[39m          [31m[1m^[22m[39m[31m[1m^[22m[39m[31m[1m^[22m[39m[31m[1m^[22m[39m[31m[1m^[22m[39m[31m[1m^[22m[39m[31m[1m^[22m[39m[31m[1m^[22m[39m[31m[1m^[22m[39m[31m[1m^[22m[39m[31m[1m^[22m[39m[31m[1m^[22m[39m
 [90m 20 |[39m [36mimport[39m { [33mAgentFeed[39m } [36mfrom[39m [32m"@/components/admin/AgentFeed"[39m[33m;[39m
 [90m 21 |[39m [36mimport[39m { [33mCEOActions[39m } [36mfrom[39m [32m"@/components/admin/CEOActions"[39m[33m;[39m
 [90m 22 |[39m [36mimport[39m { [33mKPICard[39m } [36mfrom[39m [32m"@/components/admin/KPICard"[39m[33m;[39m[0m

the name `RevenueChart` is defined multiple times

Import traces:
  App Route:
    ./app/(admin)/dashboard/page.tsx
    ./app/api/code/content/route.ts

  Client Component Browser:
    ./app/(admin)/dashboard/page.tsx [Client Component Browser]
    ./app/(admin)/dashboard/page.tsx [Server Component]

  Client Component SSR:
    ./app/(admin)/dashboard/page.tsx [Client Component SSR]
    ./app/(admin)/dashboard/page.tsx [Server Component]


./app/(admin)/dashboard/page.tsx:18:61
Ecmascript file had an error
[0m [90m 16 |[39m
 [90m 17 |[39m [36mimport[39m { useEffect[33m,[39m useState } [36mfrom[39m [32m"react"[39m[33m;[39m
[31m[1m>[22m[39m[90m 18 |[39m [36mimport[39m { [33mDollarSign[39m[33m,[39m [33mUsers[39m[33m,[39m [33mZap[39m[33m,[39m [33mTrendingUp[39m[33m,[39m [33mCpu[39m[33m,[39m [33mActivity[39m[33m,[39m [33mShoppingCart[39m[33m,[39m [33mEye[39m[33m,[39m [33mTarget[39m } [36mfrom[39m [32m"lucide-react"[39m[33m;[39m
 [90m    |[39m                                                             [31m[1m^[22m[39m[31m[1m^[22m[39m[31m[1m^[22m[39m[31m[1m^[22m[39m[31m[1m^[22m[39m[31m[1m^[22m[39m[31m[1m^[22m[39m[31m[1m^[22m[39m[31m[1m^[22m[39m[31m[1m^[22m[39m[31m[1m^[22m[39m[31m[1m^[22m[39m
 [90m 19 |[39m [36mimport[39m { [33mRevenueChart[39m } [36mfrom[39m [32m"@/components/admin/RevenueChart"[39m[33m;[39m
 [90m 20 |[39m [36mimport[39m { [33mAgentFeed[39m } [36mfrom[39m [32m"@/components/admin/AgentFeed"[39m[33m;[39m
 [90m 21 |[39m [36mimport[39m { [33mCEOActions[39m } [36mfrom[39m [32m"@/components/admin/CEOActions"[39m[33m;[39m[0m

the name `ShoppingCart` is defined multiple times

Import traces:
  App Route:
    ./app/(admin)/dashboard/page.tsx
    ./app/api/code/content/route.ts

  Client Component Browser:
    ./app/(admin)/dashboard/page.tsx [Client Component Browser]
    ./app/(admin)/dashboard/page.tsx [Server Component]

  Client Component SSR:
    ./app/(admin)/dashboard/page.tsx [Client Component SSR]
    ./app/(admin)/dashboard/page.tsx [Server Component]


./app/(admin)/dashboard/page.tsx:18:80
Ecmascript file had an error
[0m [90m 16 |[39m
 [90m 17 |[39m [36mimport[39m { useEffect[33m,[39m useState } [36mfrom[39m [32m"react"[39m[33m;[39m
[31m[1m>[22m[39m[90m 18 |[39m [36mimport[39m { [33mDollarSign[39m[33m,[39m [33mUsers[39m[33m,[39m [33mZap[39m[33m,[39m [33mTrendingUp[39m[33m,[39m [33mCpu[39m[33m,[39m [33mActivity[39m[33m,[39m [33mShoppingCart[39m[33m,[39m [33mEye[39m[33m,[39m [33mTarget[39m } [36mfrom[39m [32m"lucide-react"[39m[33m;[39m
 [90m    |[39m                                                                                [31m[1m^[22m[39m[31m[1m^[22m[39m[31m[1m^[22m[39m[31m[1m^[22m[39m[31m[1m^[22m[39m[31m[1m^[22m[39m
 [90m 19 |[39m [36mimport[39m { [33mRevenueChart[39m } [36mfrom[39m [32m"@/components/admin/RevenueChart"[39m[33m;[39m
 [90m 20 |[39m [36mimport[39m { [33mAgentFeed[39m } [36mfrom[39m [32m"@/components/admin/AgentFeed"[39m[33m;[39m
 [90m 21 |[39m [36mimport[39m { [33mCEOActions[39m } [36mfrom[39m [32m"@/components/admin/CEOActions"[39m[33m;[39m[0m

the name `Target` is defined multiple times

Import traces:
  App Route:
    ./app/(admin)/dashboard/page.tsx
    ./app/api/code/content/route.ts

  Client Component Browser:
    ./app/(admin)/dashboard/page.tsx [Client Component Browser]
    ./app/(admin)/dashboard/page.tsx [Server Component]

  Client Component SSR:
    ./app/(admin)/dashboard/page.tsx [Client Component SSR]
    ./app/(admin)/dashboard/page.tsx [Server Component]


./app/(admin)/dashboard/page.tsx:18:34
Ecmascript file had an error
[0m [90m 16 |[39m
 [90m 17 |[39m [36mimport[39m { useEffect[33m,[39m useState } [36mfrom[39m [32m"react"[39m[33m;[39m
[31m[1m>[22m[39m[90m 18 |[39m [36mimport[39m { [33mDollarSign[39m[33m,[39m [33mUsers[39m[33m,[39m [33mZap[39m[33m,[39m [33mTrendingUp[39m[33m,[39m [33mCpu[39m[33m,[39m [33mActivity[39m[33m,[39m [33mShoppingCart[39m[33m,[39m [33mEye[39m[33m,[39m [33mTarget[39m } [36mfrom[39m [32m"lucide-react"[39m[33m;[39m
 [90m    |[39m                                  [31m[1m^[22m[39m[31m[1m^[22m[39m[31m[1m^[22m[39m[31m[1m^[22m[39m[31m[1m^[22m[39m[31m[1m^[22m[39m[31m[1m^[22m[39m[31m[1m^[22m[39m[31m[1m^[22m[39m[31m[1m^[22m[39m
 [90m 19 |[39m [36mimport[39m { [33mRevenueChart[39m } [36mfrom[39m [32m"@/components/admin/RevenueChart"[39m[33m;[39m
 [90m 20 |[39m [36mimport[39m { [33mAgentFeed[39m } [36mfrom[39m [32m"@/components/admin/AgentFeed"[39m[33m;[39m
 [90m 21 |[39m [36mimport[39m { [33mCEOActions[39m } [36mfrom[39m [32m"@/components/admin/CEOActions"[39m[33m;[39m[0m

the name `TrendingUp` is defined multiple times

Import traces:
  App Route:
    ./app/(admin)/dashboard/page.tsx
    ./app/api/code/content/route.ts

  Client Component Browser:
    ./app/(admin)/dashboard/page.tsx [Client Component Browser]
    ./app/(admin)/dashboard/page.tsx [Server Component]

  Client Component SSR:
    ./app/(admin)/dashboard/page.tsx [Client Component SSR]
    ./app/(admin)/dashboard/page.tsx [Server Component]


./app/(admin)/dashboard/page.tsx:18:22
Ecmascript file had an error
[0m [90m 16 |[39m
 [90m 17 |[39m [36mimport[39m { useEffect[33m,[39m useState } [36mfrom[39m [32m"react"[39m[33m;[39m
[31m[1m>[22m[39m[90m 18 |[39m [36mimport[39m { [33mDollarSign[39m[33m,[39m [33mUsers[39m[33m,[39m [33mZap[39m[33m,[39m [33mTrendingUp[39m[33m,[39m [33mCpu[39m[33m,[39m [33mActivity[39m[33m,[39m [33mShoppingCart[39m[33m,[39m [33mEye[39m[33m,[39m [33mTarget[39m } [36mfrom[39m [32m"lucide-react"[39m[33m;[39m
 [90m    |[39m                      [31m[1m^[22m[39m[31m[1m^[22m[39m[31m[1m^[22m[39m[31m[1m^[22m[39m[31m[1m^[22m[39m
 [90m 19 |[39m [36mimport[39m { [33mRevenueChart[39m } [36mfrom[39m [32m"@/components/admin/RevenueChart"[39m[33m;[39m
 [90m 20 |[39m [36mimport[39m { [33mAgentFeed[39m } [36mfrom[39m [32m"@/components/admin/AgentFeed"[39m[33m;[39m
 [90m 21 |[39m [36mimport[39m { [33mCEOActions[39m } [36mfrom[39m [32m"@/components/admin/CEOActions"[39m[33m;[39m[0m

the name `Users` is defined multiple times

Import traces:
  App Route:
    ./app/(admin)/dashboard/page.tsx
    ./app/api/code/content/route.ts

  Client Component Browser:
    ./app/(admin)/dashboard/page.tsx [Client Component Browser]
    ./app/(admin)/dashboard/page.tsx [Server Component]

  Client Component SSR:
    ./app/(admin)/dashboard/page.tsx [Client Component SSR]
    ./app/(admin)/dashboard/page.tsx [Server Component]


./app/(admin)/dashboard/page.tsx:18:29
Ecmascript file had an error
[0m [90m 16 |[39m
 [90m 17 |[39m [36mimport[39m { useEffect[33m,[39m useState } [36mfrom[39m [32m"react"[39m[33m;[39m
[31m[1m>[22m[39m[90m 18 |[39m [36mimport[39m { [33mDollarSign[39m[33m,[39m [33mUsers[39m[33m,[39m [33mZap[39m[33m,[39m [33mTrendingUp[39m[33m,[39m [33mCpu[39m[33m,[39m [33mActivity[39m[33m,[39m [33mShoppingCart[39m[33m,[39m [33mEye[39m[33m,[39m [33mTarget[39m } [36mfrom[39m [32m"lucide-react"[39m[33m;[39m
 [90m    |[39m                             [31m[1m^[22m[39m[31m[1m^[22m[39m[31m[1m^[22m[39m
 [90m 19 |[39m [36mimport[39m { [33mRevenueChart[39m } [36mfrom[39m [32m"@/components/admin/RevenueChart"[39m[33m;[39m
 [90m 20 |[39m [36mimport[39m { [33mAgentFeed[39m } [36mfrom[39m [32m"@/components/admin/AgentFeed"[39m[33m;[39m
 [90m 21 |[39m [36mimport[39m { [33mCEOActions[39m } [36mfrom[39m [32m"@/components/admin/CEOActions"[39m[33m;[39m[0m

the name `Zap` is defined multiple times

Import traces:
  App Route:
    ./app/(admin)/dashboard/page.tsx
    ./app/api/code/content/route.ts

  Client Component Browser:
    ./app/(admin)/dashboard/page.tsx [Client Component Browser]
    ./app/(admin)/dashboard/page.tsx [Server Component]

  Client Component SSR:
    ./app/(admin)/dashboard/page.tsx [Client Component SSR]
    ./app/(admin)/dashboard/page.tsx [Server Component]


./app/(admin)/dashboard/page.tsx:27:10
Ecmascript file had an error
[0m [90m 25 |[39m [36mimport[39m { [33mCard[39m[33m,[39m [33mCardHeader[39m[33m,[39m [33mCardTitle[39m[33m,[39m [33mCardContent[39m } [36mfrom[39m [32m"@/components/ui/card"[39m[33m;[39m
 [90m 26 |[39m [36mimport[39m { getAdminStats[33m,[39m getDailyRevenue[33m,[39m [33mAdminStats[39m[33m,[39m [33mDailyRevenue[39m } [36mfrom[39m [32m"@/lib/api/admin"[39m[33m;[39m
[31m[1m>[22m[39m[90m 27 |[39m [36mimport[39m { format } [36mfrom[39m [32m"date-fns"[39m[33m;[39m
 [90m    |[39m          [31m[1m^[22m[39m[31m[1m^[22m[39m[31m[1m^[22m[39m[31m[1m^[22m[39m[31m[1m^[22m[39m[31m[1m^[22m[39m
 [90m 28 |[39m [36mimport[39m { [33mParticleBackground[39m } [36mfrom[39m [32m"@/components/ui/ParticleBackground"[39m[33m;[39m
 [90m 29 |[39m [36mimport[39m { [33mThreeDCard[39m } [36mfrom[39m [32m"@/components/ui/ThreeDCard"[39m[33m;[39m
 [90m 30 |[39m[0m

the name `format` is defined multiple times

Import traces:
  App Route:
    ./app/(admin)/dashboard/page.tsx
    ./app/api/code/content/route.ts

  Client Component Browser:
    ./app/(admin)/dashboard/page.tsx [Client Component Browser]
    ./app/(admin)/dashboard/page.tsx [Server Component]

  Client Component SSR:
    ./app/(admin)/dashboard/page.tsx [Client Component SSR]
    ./app/(admin)/dashboard/page.tsx [Server Component]


./app/(admin)/dashboard/page.tsx:26:10
Ecmascript file had an error
[0m [90m 24 |[39m [36mimport[39m { [33mActivityFeed[39m } [36mfrom[39m [32m"@/components/admin/ActivityFeed"[39m[33m;[39m
 [90m 25 |[39m [36mimport[39m { [33mCard[39m[33m,[39m [33mCardHeader[39m[33m,[39m [33mCardTitle[39m[33m,[39m [33mCardContent[39m } [36mfrom[39m [32m"@/components/ui/card"[39m[33m;[39m
[31m[1m>[22m[39m[90m 26 |[39m [36mimport[39m { getAdminStats[33m,[39m getDailyRevenue[33m,[39m [33mAdminStats[39m[33m,[39m [33mDailyRevenue[39m } [36mfrom[39m [32m"@/lib/api/admin"[39m[33m;[39m
 [90m    |[39m          [31m[1m^[22m[39m[31m[1m^[22m[39m[31m[1m^[22m[39m[31m[1m^[22m[39m[31m[1m^[22m[39m[31m[1m^[22m[39m[31m[1m^[22m[39m[31m[1m^[22m[39m[31m[1m^[22m[39m[31m[1m^[22m[39m[31m[1m^[22m[39m[31m[1m^[22m[39m[31m[1m^[22m[39m
 [90m 27 |[39m [36mimport[39m { format } [36mfrom[39m [32m"date-fns"[39m[33m;[39m
 [90m 28 |[39m [36mimport[39m { [33mParticleBackground[39m } [36mfrom[39m [32m"@/components/ui/ParticleBackground"[39m[33m;[39m
 [90m 29 |[39m [36mimport[39m { [33mThreeDCard[39m } [36mfrom[39m [32m"@/components/ui/ThreeDCard"[39m[33m;[39m[0m

the name `getAdminStats` is defined multiple times

Import traces:
  App Route:
    ./app/(admin)/dashboard/page.tsx
    ./app/api/code/content/route.ts

  Client Component Browser:
    ./app/(admin)/dashboard/page.tsx [Client Component Browser]
    ./app/(admin)/dashboard/page.tsx [Server Component]

  Client Component SSR:
    ./app/(admin)/dashboard/page.tsx [Client Component SSR]
    ./app/(admin)/dashboard/page.tsx [Server Component]


./app/(admin)/dashboard/page.tsx:26:25
Ecmascript file had an error
[0m [90m 24 |[39m [36mimport[39m { [33mActivityFeed[39m } [36mfrom[39m [32m"@/components/admin/ActivityFeed"[39m[33m;[39m
 [90m 25 |[39m [36mimport[39m { [33mCard[39m[33m,[39m [33mCardHeader[39m[33m,[39m [33mCardTitle[39m[33m,[39m [33mCardContent[39m } [36mfrom[39m [32m"@/components/ui/card"[39m[33m;[39m
[31m[1m>[22m[39m[90m 26 |[39m [36mimport[39m { getAdminStats[33m,[39m getDailyRevenue[33m,[39m [33mAdminStats[39m[33m,[39m [33mDailyRevenue[39m } [36mfrom[39m [32m"@/lib/api/admin"[39m[33m;[39m
 [90m    |[39m                         [31m[1m^[22m[39m[31m[1m^[22m[39m[31m[1m^[22m[39m[31m[1m^[22m[39m[31m[1m^[22m[39m[31m[1m^[22m[39m[31m[1m^[22m[39m[31m[1m^[22m[39m[31m[1m^[22m[39m[31m[1m^[22m[39m[31m[1m^[22m[39m[31m[1m^[22m[39m[31m[1m^[22m[39m[31m[1m^[22m[39m[31m[1m^[22m[39m
 [90m 27 |[39m [36mimport[39m { format } [36mfrom[39m [32m"date-fns"[39m[33m;[39m
 [90m 28 |[39m [36mimport[39m { [33mParticleBackground[39m } [36mfrom[39m [32m"@/components/ui/ParticleBackground"[39m[33m;[39m
 [90m 29 |[39m [36mimport[39m { [33mThreeDCard[39m } [36mfrom[39m [32m"@/components/ui/ThreeDCard"[39m[33m;[39m[0m

the name `getDailyRevenue` is defined multiple times

Import traces:
  App Route:
    ./app/(admin)/dashboard/page.tsx
    ./app/api/code/content/route.ts

  Client Component Browser:
    ./app/(admin)/dashboard/page.tsx [Client Component Browser]
    ./app/(admin)/dashboard/page.tsx [Server Component]

  Client Component SSR:
    ./app/(admin)/dashboard/page.tsx [Client Component SSR]
    ./app/(admin)/dashboard/page.tsx [Server Component]


./app/(admin)/dashboard/page.tsx:17:10
Ecmascript file had an error
[0m [90m 15 |[39m [32m"use client"[39m[33m;[39m
 [90m 16 |[39m
[31m[1m>[22m[39m[90m 17 |[39m [36mimport[39m { useEffect[33m,[39m useState } [36mfrom[39m [32m"react"[39m[33m;[39m
 [90m    |[39m          [31m[1m^[22m[39m[31m[1m^[22m[39m[31m[1m^[22m[39m[31m[1m^[22m[39m[31m[1m^[22m[39m[31m[1m^[22m[39m[31m[1m^[22m[39m[31m[1m^[22m[39m[31m[1m^[22m[39m
 [90m 18 |[39m [36mimport[39m { [33mDollarSign[39m[33m,[39m [33mUsers[39m[33m,[39m [33mZap[39m[33m,[39m [33mTrendingUp[39m[33m,[39m [33mCpu[39m[33m,[39m [33mActivity[39m[33m,[39m [33mShoppingCart[39m[33m,[39m [33mEye[39m[33m,[39m [33mTarget[39m } [36mfrom[39m [32m"lucide-react"[39m[33m;[39m
 [90m 19 |[39m [36mimport[39m { [33mRevenueChart[39m } [36mfrom[39m [32m"@/components/admin/RevenueChart"[39m[33m;[39m
 [90m 20 |[39m [36mimport[39m { [33mAgentFeed[39m } [36mfrom[39m [32m"@/components/admin/AgentFeed"[39m[33m;[39m[0m

the name `useEffect` is defined multiple times

Import traces:
  App Route:
    ./app/(admin)/dashboard/page.tsx
    ./app/api/code/content/route.ts

  Client Component Browser:
    ./app/(admin)/dashboard/page.tsx [Client Component Browser]
    ./app/(admin)/dashboard/page.tsx [Server Component]

  Client Component SSR:
    ./app/(admin)/dashboard/page.tsx [Client Component SSR]
    ./app/(admin)/dashboard/page.tsx [Server Component]


./app/(admin)/dashboard/page.tsx:17:21
Ecmascript file had an error
[0m [90m 15 |[39m [32m"use client"[39m[33m;[39m
 [90m 16 |[39m
[31m[1m>[22m[39m[90m 17 |[39m [36mimport[39m { useEffect[33m,[39m useState } [36mfrom[39m [32m"react"[39m[33m;[39m
 [90m    |[39m                     [31m[1m^[22m[39m[31m[1m^[22m[39m[31m[1m^[22m[39m[31m[1m^[22m[39m[31m[1m^[22m[39m[31m[1m^[22m[39m[31m[1m^[22m[39m[31m[1m^[22m[39m
 [90m 18 |[39m [36mimport[39m { [33mDollarSign[39m[33m,[39m [33mUsers[39m[33m,[39m [33mZap[39m[33m,[39m [33mTrendingUp[39m[33m,[39m [33mCpu[39m[33m,[39m [33mActivity[39m[33m,[39m [33mShoppingCart[39m[33m,[39m [33mEye[39m[33m,[39m [33mTarget[39m } [36mfrom[39m [32m"lucide-react"[39m[33m;[39m
 [90m 19 |[39m [36mimport[39m { [33mRevenueChart[39m } [36mfrom[39m [32m"@/components/admin/RevenueChart"[39m[33m;[39m
 [90m 20 |[39m [36mimport[39m { [33mAgentFeed[39m } [36mfrom[39m [32m"@/components/admin/AgentFeed"[39m[33m;[39m[0m

the name `useState` is defined multiple times

Import traces:
  App Route:
    ./app/(admin)/dashboard/page.tsx
    ./app/api/code/content/route.ts

  Client Component Browser:
    ./app/(admin)/dashboard/page.tsx [Client Component Browser]
    ./app/(admin)/dashboard/page.tsx [Server Component]

  Client Component SSR:
    ./app/(admin)/dashboard/page.tsx [Client Component SSR]
    ./app/(admin)/dashboard/page.tsx [Server Component]


    at async DummySpan.traceAsyncFn (turbopack:///[turbopack-node]/transforms/webpack-loaders.ts:115:12) [/Users/macbookprom1/Documents/sa-dec-flower-hunt/.next/build/chunks/[root-of-the-server]__6e020478._.js:126:16])
    at async DummySpan.traceAsyncFn (turbopack:///[turbopack-node]/transforms/webpack-loaders.ts:115:12) [/Users/macbookprom1/Documents/sa-dec-flower-hunt/.next/build/chunks/[root-of-the-server]__6e020478._.js:126:16])
    at <unknown> (./app/(admin)/dashboard/page.tsx:15:1)
    at <unknown> (./app/(admin)/dashboard/page.tsx:24:10)
    at <unknown> (./app/(admin)/dashboard/page.tsx:18:51)
    at <unknown> (./app/(admin)/dashboard/page.tsx:20:10)
    at <unknown> (./app/(admin)/dashboard/page.tsx:21:10)
    at <unknown> (./app/(admin)/dashboard/page.tsx:25:39)
    at <unknown> (./app/(admin)/dashboard/page.tsx:25:16)
    at <unknown> (./app/(admin)/dashboard/page.tsx:25:28)
    at <unknown> (./app/(admin)/dashboard/page.tsx:25:10)
    at <unknown> (./app/(admin)/dashboard/page.tsx:18:46)
    at <unknown> (./app/(admin)/dashboard/page.tsx:18:10)
    at <unknown> (./app/(admin)/dashboard/page.tsx:18:75)
    at <unknown> (./app/(admin)/dashboard/page.tsx:22:10)
    at <unknown> (./app/(admin)/dashboard/page.tsx:23:10)
    at <unknown> (./app/(admin)/dashboard/page.tsx:19:10)
    at <unknown> (./app/(admin)/dashboard/page.tsx:18:61)
    at <unknown> (./app/(admin)/dashboard/page.tsx:18:80)
    at <unknown> (./app/(admin)/dashboard/page.tsx:18:34)
    at <unknown> (./app/(admin)/dashboard/page.tsx:18:22)
    at <unknown> (./app/(admin)/dashboard/page.tsx:18:29)
    at <unknown> (./app/(admin)/dashboard/page.tsx:27:10)
    at <unknown> (./app/(admin)/dashboard/page.tsx:26:10)
    at <unknown> (./app/(admin)/dashboard/page.tsx:26:25)
    at <unknown> (./app/(admin)/dashboard/page.tsx:17:10)
    at <unknown> (./app/(admin)/dashboard/page.tsx:17:21)
